// Jest Snapshot v1, https://goo.gl/fbAQLP

exports[`poll mount 1`] = `
List {
  "head": Array [
    FableMap {
      "comparer": Comparer {
        "Compare": [Function],
      },
      "tree": MapTree {
        "data": Array [
          "ACTION",
          "\\"mount\\"",
        ],
        "tag": 1,
      },
    },
    FableMap {
      "comparer": Comparer {
        "Compare": [Function],
      },
      "tree": MapTree {
        "data": Array [
          "TARGET",
          "\\"/\\"",
        ],
        "tag": 1,
      },
    },
  ],
  "tail": List {
    "head": undefined,
    "tail": undefined,
  },
}
`;
