---
created: "2019-05-10T20:35:14.496247Z"
creator: insta@0.8.1
source: mount-emitter/src/lib.rs
expression: line_to_command(line)
---
MoveMount(
    MountPoint(
        "/mnt/part1a"
    ),
    DevicePath(
        "/dev/sde1"
    ),
    FsType(
        "ext4"
    ),
    MountOpts(
        "rw,relatime,data=ordered"
    ),
    MountPoint(
        "/mnt/part1"
    )
)
