---
created: "2019-05-24T20:45:19.979225Z"
creator: insta@0.8.1
source: mount-emitter/src/lib.rs
expression: line_to_command(line)
---
AddMount(
    MountPoint(
        "/mnt/part1",
    ),
    DevicePath(
        "/dev/sde1",
    ),
    FsType(
        "ext4",
    ),
    MountOpts(
        "rw,relatime,data=ordered",
    ),
)
